     1	The bustle in a houseThe morning after death
     2	Is solemnest of industries
     3	Enacted upon earth, --
     4	
     5	The sweeping up the heart,
     6	And putting love away
     7	We shall not want to use again
     8	Until eternity
