     1	The bustle in a houseThe morning after death
     2	Is solemnest of industries
     3	Enacted upon earth, --

     4	The sweeping up the heart,
     5	And putting love away
     6	We shall not want to use again
     7	Until eternity
