The bustle in a houseThe morning after death
Is solemnest of industries
Enacted upon earth, --

The sweeping up the heart,
And putting love away
We shall not want to use again
Until eternity
